#
# There is insufficient memory for the Java Runtime Environment to continue.
# Native memory allocation (mmap) failed to map 266338304 bytes. Error detail: G1 virtual space
# Possible reasons:
#   The system is out of physical RAM or swap space
#   This process is running with CompressedOops enabled, and the Java Heap may be blocking the growth of the native heap
# Possible solutions:
#   Reduce memory load on the system
#   Increase physical memory or swap space
#   Check if swap backing store is full
#   Decrease Java heap size (-Xmx/-Xms)
#   Decrease number of Java threads
#   Decrease Java thread stack sizes (-Xss)
#   Set larger code cache with -XX:ReservedCodeCacheSize=
#   JVM is running with Zero Based Compressed Oops mode in which the Java heap is
#     placed in the first 32GB address space. The Java Heap base address is the
#     maximum limit for the native heap growth. Please use -XX:HeapBaseMinAddress
#     to set the Java Heap base and to place the Java Heap above 32GB virtual address.
# This output file may be truncated or incomplete.
#
#  Out of Memory Error (os_windows.cpp:3925), pid=1204, tid=3820
#
# JRE version:  (21.0.9) (build )
# Java VM: OpenJDK 64-Bit Server VM (21.0.9+-14649483-b1163.86, mixed mode, sharing, tiered, compressed oops, compressed class ptrs, g1 gc, windows-amd64)
# No core dump will be written. Minidumps are not enabled by default on client versions of Windows
#

---------------  S U M M A R Y ------------

Command Line: git4idea.http.GitAskPassApp Username for 'https://github.com': 

Host: Intel(R) Core(TM) i5-10400F CPU @ 2.90GHz, 12 cores, 15G,  Windows 10 , 64 bit Build 19041 (10.0.19041.5915)
Time: Mon Apr 13 15:27:49 2026 Jerusalem Daylight Time elapsed time: 0.005407 seconds (0d 0h 0m 0s)

---------------  T H R E A D  ---------------

Current thread (0x000001b25449d1d0):  JavaThread "Unknown thread" [_thread_in_vm, id=3820, stack(0x00000021a8c00000,0x00000021a8d00000) (1024K)]

Stack: [0x00000021a8c00000,0x00000021a8d00000]
Native frames: (J=compiled Java code, j=interpreted, Vv=VM code, C=native code)
V  [jvm.dll+0x6d6c99]
V  [jvm.dll+0x866b83]
V  [jvm.dll+0x86919e]
V  [jvm.dll+0x869883]
V  [jvm.dll+0x280776]
V  [jvm.dll+0x6d3555]
V  [jvm.dll+0x6c6bea]
V  [jvm.dll+0x3587fb]
V  [jvm.dll+0x360476]
V  [jvm.dll+0x3b2646]
V  [jvm.dll+0x3b2918]
V  [jvm.dll+0x32af0c]
V  [jvm.dll+0x32bbfb]
V  [jvm.dll+0x82e839]
V  [jvm.dll+0x3bf818]
V  [jvm.dll+0x8179d8]
V  [jvm.dll+0x453cbe]
V  [jvm.dll+0x455421]
C  [jli.dll+0x52ab]
C  [ucrtbase.dll+0x21bb2]
C  [KERNEL32.DLL+0x17374]
C  [ntdll.dll+0x4cc91]


---------------  P R O C E S S  ---------------

Threads class SMR info:
_java_thread_list=0x00007ff8d419b988, length=0, elements={
}

Java Threads: ( => current thread )
Total: 0

Other Threads:
  0x000001b254501590 WorkerThread "GC Thread#0"                     [id=4104, stack(0x00000021a8d00000,0x00000021a8e00000) (1024K)]
  0x000001b2545124b0 ConcurrentGCThread "G1 Main Marker"            [id=2544, stack(0x00000021a8e00000,0x00000021a8f00000) (1024K)]
  0x000001b254513750 WorkerThread "G1 Conc#0"                       [id=16008, stack(0x00000021a8f00000,0x00000021a9000000) (1024K)]

[error occurred during error reporting (printing all threads), id 0xc0000005, EXCEPTION_ACCESS_VIOLATION (0xc0000005) at pc=0x00007ff8d398dee7]
VM state: not at safepoint (not fully initialized)

VM Mutex/Monitor currently owned by a thread:  ([mutex/lock_event])
[0x00007ff8d4208790] Heap_lock - owner thread: 0x000001b25449d1d0

Heap address: 0x0000000702200000, size: 4062 MB, Compressed Oops mode: Zero based, Oop shift amount: 3

CDS archive(s) mapped at: [0x0000000000000000-0x0000000000000000-0x0000000000000000), size 0, SharedBaseAddress: 0x0000000800000000, ArchiveRelocationMode: 1.
Narrow klass base: 0x0000000000000000, Narrow klass shift: 0, Narrow klass range: 0x0

GC Precious Log:
 CardTable entry size: 512
 Card Set container configuration: InlinePtr #cards 4 size 8 Array Of Cards #cards 16 size 48 Howl #buckets 8 coarsen threshold 3686 Howl Bitmap #cards 512 size 80 coarsen threshold 460 Card regions per heap region 1 cards per card region 4096

Heap:
 garbage-first heap   total 0K, used 0K [0x0000000702200000, 0x0000000800000000)
  region size 2048K, 0 young (0K), 0 survivors (0K)
 Metaspace       used 0K, committed 0K, reserved 0K
  class space    used 0K, committed 0K, reserved 0K

Heap Regions: E=young(eden), S=young(survivor), O=old, HS=humongous(starts), HC=humongous(continues), CS=collection set, F=free, TAMS=top-at-mark-start, PB=parsable bottom

Card table byte_map: [0x000001b267350000,0x000001b267b40000] _byte_map_base: 0x000001b263b3f000

Marking Bits: (CMBitMap*) 0x000001b254501c90
 Bits: [0x000001b267b40000, 0x000001b26bab8000)

GC Heap History (0 events):
No events

Dll operation events (1 events):
Event: 0.004 Loaded shared library E:\studio\jbr\bin\java.dll

Deoptimization events (0 events):
No events

Classes loaded (0 events):
No events

Classes unloaded (0 events):
No events

Classes redefined (0 events):
No events

Internal exceptions (0 events):
No events

ZGC Phase Switch (0 events):
No events

VM Operations (0 events):
No events

Memory protections (0 events):
No events

Nmethod flushes (0 events):
No events

Events (0 events):
No events


Dynamic libraries:
0x00007ff60e320000 - 0x00007ff60e32a000 	E:\studio\jbr\bin\java.exe
0x00007ff93d5d0000 - 0x00007ff93d7c8000 	C:\Windows\SYSTEM32\ntdll.dll
0x00007ff93b760000 - 0x00007ff93b822000 	C:\Windows\System32\KERNEL32.DLL
0x00007ff93b1d0000 - 0x00007ff93b4c6000 	C:\Windows\System32\KERNELBASE.dll
0x00007ff93af40000 - 0x00007ff93b040000 	C:\Windows\System32\ucrtbase.dll
0x00007ff935760000 - 0x00007ff935778000 	E:\studio\jbr\bin\jli.dll
0x00007ff919e50000 - 0x00007ff919e6b000 	E:\studio\jbr\bin\VCRUNTIME140.dll
0x00007ff93c180000 - 0x00007ff93c321000 	C:\Windows\System32\USER32.dll
0x00007ff92e710000 - 0x00007ff92e9ab000 	C:\Windows\WinSxS\amd64_microsoft.windows.common-controls_6595b64144ccf1df_6.0.19041.6456_none_60b8a6cb71f64256\COMCTL32.dll
0x00007ff93ae70000 - 0x00007ff93ae92000 	C:\Windows\System32\win32u.dll
0x00007ff93bfa0000 - 0x00007ff93c03e000 	C:\Windows\System32\msvcrt.dll
0x00007ff93bf70000 - 0x00007ff93bf9b000 	C:\Windows\System32\GDI32.dll
0x00007ff93b4d0000 - 0x00007ff93b5e9000 	C:\Windows\System32\gdi32full.dll
0x00007ff93aea0000 - 0x00007ff93af3d000 	C:\Windows\System32\msvcp_win.dll
0x00007ff93c340000 - 0x00007ff93c36f000 	C:\Windows\System32\IMM32.DLL
0x00007ff921840000 - 0x00007ff92184c000 	E:\studio\jbr\bin\vcruntime140_1.dll
0x00007ff919210000 - 0x00007ff91929d000 	E:\studio\jbr\bin\msvcp140.dll
0x00007ff8d3650000 - 0x00007ff8d42e6000 	E:\studio\jbr\bin\server\jvm.dll
0x00007ff93b5f0000 - 0x00007ff93b6a1000 	C:\Windows\System32\ADVAPI32.dll
0x00007ff93c620000 - 0x00007ff93c6bf000 	C:\Windows\System32\sechost.dll
0x00007ff93b830000 - 0x00007ff93b950000 	C:\Windows\System32\RPCRT4.dll
0x00007ff93b040000 - 0x00007ff93b067000 	C:\Windows\System32\bcrypt.dll
0x00007ff93c6c0000 - 0x00007ff93c72b000 	C:\Windows\System32\WS2_32.dll
0x00007ff93a1f0000 - 0x00007ff93a23b000 	C:\Windows\SYSTEM32\POWRPROF.dll
0x00007ff933fd0000 - 0x00007ff933fda000 	C:\Windows\SYSTEM32\VERSION.dll
0x00007ff92c180000 - 0x00007ff92c1a7000 	C:\Windows\SYSTEM32\WINMM.dll
0x00007ff93a060000 - 0x00007ff93a072000 	C:\Windows\SYSTEM32\UMPDC.dll
0x00007ff938af0000 - 0x00007ff938b02000 	C:\Windows\SYSTEM32\kernel.appcore.dll
0x00007ff91f1d0000 - 0x00007ff91f1da000 	E:\studio\jbr\bin\jimage.dll
0x00007ff92aca0000 - 0x00007ff92aea1000 	C:\Windows\SYSTEM32\DBGHELP.DLL
0x00007ff920a60000 - 0x00007ff920a94000 	C:\Windows\SYSTEM32\dbgcore.DLL
0x00007ff93acb0000 - 0x00007ff93ad32000 	C:\Windows\System32\bcryptPrimitives.dll
0x00007ff915680000 - 0x00007ff9156a0000 	E:\studio\jbr\bin\java.dll

JVMTI agents: none

dbghelp: loaded successfully - version: 4.0.5 - missing functions: none
symbol engine: initialized successfully - sym options: 0x614 - pdb path: .;E:\studio\jbr\bin;C:\Windows\SYSTEM32;C:\Windows\WinSxS\amd64_microsoft.windows.common-controls_6595b64144ccf1df_6.0.19041.6456_none_60b8a6cb71f64256;E:\studio\jbr\bin\server

VM Arguments:
java_command: git4idea.http.GitAskPassApp Username for 'https://github.com': 
java_class_path (initial): E:/studio/plugins/vcs-git/lib/git4idea-rt.jar;E:/studio/lib/externalProcess-rt.jar
Launcher Type: SUN_STANDARD

[Global flags]
     intx CICompilerCount                          = 4                                         {product} {ergonomic}
     uint ConcGCThreads                            = 3                                         {product} {ergonomic}
     uint G1ConcRefinementThreads                  = 10                                        {product} {ergonomic}
   size_t G1HeapRegionSize                         = 2097152                                   {product} {ergonomic}
    uintx GCDrainStackTargetSize                   = 64                                        {product} {ergonomic}
   size_t InitialHeapSize                          = 266338304                                 {product} {ergonomic}
   size_t MarkStackSize                            = 4194304                                   {product} {ergonomic}
   size_t MaxHeapSize                              = 4259315712                                {product} {ergonomic}
   size_t MinHeapDeltaBytes                        = 2097152                                   {product} {ergonomic}
   size_t MinHeapSize                              = 8388608                                   {product} {ergonomic}
    uintx NonNMethodCodeHeapSize                   = 5839372                                {pd product} {ergonomic}
    uintx NonProfiledCodeHeapSize                  = 122909434                              {pd product} {ergonomic}
    uintx ProfiledCodeHeapSize                     = 122909434                              {pd product} {ergonomic}
    uintx ReservedCodeCacheSize                    = 251658240                              {pd product} {ergonomic}
     bool SegmentedCodeCache                       = true                                      {product} {ergonomic}
   size_t SoftMaxHeapSize                          = 4259315712                             {manageable} {ergonomic}
     bool UseCompressedOops                        = true                           {product lp64_product} {ergonomic}
     bool UseG1GC                                  = true                                      {product} {ergonomic}
     bool UseLargePagesIndividualAllocation        = false                                  {pd product} {ergonomic}

Logging:
Log output configuration:
 #0: stdout all=warning uptime,level,tags foldmultilines=false
 #1: stderr all=off uptime,level,tags foldmultilines=false

Release file:
<release file has not been read>
Environment Variables:
PATH=C:/Program Files/Git/mingw64/libexec/git-core;C:/Program Files/Git/mingw64/libexec/git-core;C:\Program Files\Git\mingw64\bin;C:\Program Files\Git\usr\bin;C:\Users\ADMIN\bin;C:\Program Files (x86)\NVIDIA Corporation\PhysX\Common;C:\Windows\system32;C:\Windows;C:\Windows\System32\Wbem;C:\Windows\System32\WindowsPowerShell\v1.0\;C:\Windows\System32\OpenSSH\;C:\Program Files\Microsoft SQL Server\150\Tools\Binn\;C:\Program Files\Git\cmd;C:\Users\ADMIN\AppData\Local\Microsoft\WindowsApps
USERNAME=ADMIN
DISPLAY=:0.0
LC_ALL=en_US.UTF-8
TERM=xterm-256color
TMPDIR=C:\Users\ADMIN\AppData\Local\Temp
OS=Windows_NT
PROCESSOR_IDENTIFIER=Intel64 Family 6 Model 165 Stepping 3, GenuineIntel
TMP=C:\Users\ADMIN\AppData\Local\Temp
TEMP=C:\Users\ADMIN\AppData\Local\Temp




Periodic native trim disabled

JNI global refs:
JNI global refs: 0, weak refs: 0

JNI global refs memory usage: 0, weak refs: 0

Process memory usage:
Resident Set Size: 10880K (0% of 16631704K total physical memory with 960944K free physical memory)

OOME stack traces (most recent first):
Classloader memory used:

---------------  S Y S T E M  ---------------

OS:
 Windows 10 , 64 bit Build 19041 (10.0.19041.5915)
OS uptime: 7 days 4:05 hours

CPU: total 12 (initial active 12) (6 cores per cpu, 2 threads per core) family 6 model 165 stepping 3 microcode 0xe0, cx8, cmov, fxsr, ht, mmx, 3dnowpref, sse, sse2, sse3, ssse3, sse4.1, sse4.2, popcnt, lzcnt, tsc, tscinvbit, avx, avx2, aes, erms, clmul, bmi1, bmi2, adx, fma, vzeroupper, clflush, clflushopt, rdtscp, f16c
Processor Information for the first 12 processors :
  Max Mhz: 2904, Current Mhz: 2904, Mhz Limit: 2904

Memory: 4k page, system-wide physical 16241M (938M free)
TotalPageFile size 16241M (AvailPageFile size 19M)
current process WorkingSet (physical memory assigned to process): 10M, peak: 10M
current process commit charge ("private bytes"): 64M, peak: 318M

vm_info: OpenJDK 64-Bit Server VM (21.0.9+-14649483-b1163.86) for windows-amd64 JRE (21.0.9+-14649483-b1163.86), built on 2025-12-30T22:08:35Z by "builder" with MS VC++ 16.10 / 16.11 (VS2019)

END.
